A51 MACRO ASSEMBLER  Q1                                                                   01/30/2024 16:32:00 PAGE     1


MACRO ASSEMBLER A51 V8.2.7.0
OBJECT MODULE PLACED IN .\Objects\Q1.obj
ASSEMBLER INVOKED BY: C:\Keil_v5\C51\BIN\A51.EXE Q1.asm SET(SMALL) DEBUG PRINT(.\Listings\Q1.lst) OBJECT(.\Objects\Q1.ob
                      j) EP

LOC  OBJ            LINE     SOURCE

0000                   1     ORG 0H
0000 020100            2     LJMP MAIN
0100                   3     ORG 100H
0100                   4     MAIN:
0100 3130              5     CALL MAC
0102 80FE              6     HERE: SJMP HERE
0130                   7     ORG 130H
0130                   8     MAC:
                       9     
                      10     
0130 E570             11     MOV A, 70H  
0132 8573F0           12     MOV B, 73H  
0135 A4               13     MUL AB  
                      14     
0136 F8               15     MOV R0, A  
0137 A9F0             16     MOV R1, B  
                      17     
0139 E571             18     MOV A, 71H  
013B 8574F0           19     MOV B, 74H  
013E A4               20     MUL AB  
013F 755000           21     MOV 50H, #00H
0142 120153           22     LCALL ADD16
                      23     
0145 E572             24     MOV A, 72H  
0147 8575F0           25     MOV B, 75H  
014A A4               26     MUL AB  
                      27     
014B A852             28     MOV R0, 52H
014D A951             29     MOV R1, 51H
014F 120153           30     LCALL ADD16
0152 22               31     RET
                      32     
0153                  33     ADD16:
0153 C3               34     CLR C
0154 28               35     ADD A, R0
0155 F552             36     MOV 52H, A
                      37     
0157 E5F0             38     MOV A, B
0159 39               39     ADDC A, R1
015A F551             40     MOV 51H, A
                      41     
015C 5002             42     JNC ABC
015E 0550             43     INC 50H
0160 22               44     ABC:RET
                      45     
                      46     END
A51 MACRO ASSEMBLER  Q1                                                                   01/30/2024 16:32:00 PAGE     2

SYMBOL TABLE LISTING
------ ----- -------


N A M E             T Y P E  V A L U E   ATTRIBUTES

ABC. . . . . . . .  C ADDR   0160H   A   
ADD16. . . . . . .  C ADDR   0153H   A   
B. . . . . . . . .  D ADDR   00F0H   A   
HERE . . . . . . .  C ADDR   0102H   A   
MAC. . . . . . . .  C ADDR   0130H   A   
MAIN . . . . . . .  C ADDR   0100H   A   


REGISTER BANK(S) USED: 0 


ASSEMBLY COMPLETE.  0 WARNING(S), 0 ERROR(S)
