A51 MACRO ASSEMBLER  Q2                                                                   01/30/2024 01:46:20 PAGE     1


MACRO ASSEMBLER A51 V8.2.7.0
OBJECT MODULE PLACED IN .\Objects\Q2.obj
ASSEMBLER INVOKED BY: C:\Keil_v5\C51\BIN\A51.EXE Q2.asm SET(SMALL) DEBUG PRINT(.\Listings\Q2.lst) OBJECT(.\Objects\Q2.ob
                      j) EP

LOC  OBJ            LINE     SOURCE

0000                   1     ORG 0H
0000 020100            2     LJMP MAIN
0100                   3     ORG 100H
0100                   4     MAIN:
0100 759001            5     MOV P1, #01H
0103 313B              6     CALL delay_5s
0105 3130              7     CALL adder
0107 759000            8     MOV P1, #00H
010A 80FE              9     HERE: SJMP HERE
0130                  10     ORG 130H
                      11     
0130                  12     adder:
0130 C000             13     PUSH 00H
0132 7820             14     MOV R0, #20H
0134 3151             15     H4: ACALL delay_250us
0136 D8FC             16     DJNZ R0, H4
0138 D000             17     POP 00H
013A 22               18     RET
                      19     
013B                  20     delay_5s:
013B C000             21     PUSH 00H
013D 78C8             22     MOV R0, #200
013F 3146             23     H3: ACALL delay_1ms
0141 D8FC             24     DJNZ R0, H3
0143 D000             25     POP 00H
0145 22               26     RET
                      27     
0146                  28     delay_1ms:
0146 C000             29     PUSH 00H
0148 7864             30     MOV R0, #100
014A 3151             31     H2: ACALL delay_250us
014C D8FC             32     DJNZ R0, H2
014E D000             33     POP 00H
0150 22               34     RET
                      35     
0151                  36     delay_250us:
0151 C000             37     PUSH 00H
0153 78F4             38     MOV R0, #244
0155 D8FE             39     H1: DJNZ R0, H1
0157 D000             40     POP 00H
0159 22               41     RET
                      42     
                      43     END
A51 MACRO ASSEMBLER  Q2                                                                   01/30/2024 01:46:20 PAGE     2

SYMBOL TABLE LISTING
------ ----- -------


N A M E             T Y P E  V A L U E   ATTRIBUTES

ADDER. . . . . . .  C ADDR   0130H   A   
DELAY_1MS. . . . .  C ADDR   0146H   A   
DELAY_250US. . . .  C ADDR   0151H   A   
DELAY_5S . . . . .  C ADDR   013BH   A   
H1 . . . . . . . .  C ADDR   0155H   A   
H2 . . . . . . . .  C ADDR   014AH   A   
H3 . . . . . . . .  C ADDR   013FH   A   
H4 . . . . . . . .  C ADDR   0134H   A   
HERE . . . . . . .  C ADDR   010AH   A   
MAIN . . . . . . .  C ADDR   0100H   A   
P1 . . . . . . . .  D ADDR   0090H   A   


REGISTER BANK(S) USED: 0 


ASSEMBLY COMPLETE.  0 WARNING(S), 0 ERROR(S)
