A51 MACRO ASSEMBLER  Q2                                                                   01/31/2024 09:11:37 PAGE     1


MACRO ASSEMBLER A51 V8.2.7.0
NO OBJECT MODULE REQUESTED
ASSEMBLER INVOKED BY: C:\Keil_v5\C51\BIN\A51.EXE Q2.asm SET(SMALL) DEBUG PRINT(.\Listings\Q2.lst) OBJECT(.\Objects\Q2.ob
                      j) EP

LOC  OBJ            LINE     SOURCE

0000                   1     ORG 0H
0000 020100            2     LJMP MAIN
0100                   3     ORG 100H
0100                   4     MAIN:
0100 3130              5     CALL DET
0102 80FE              6     HERE: SJMP HERE
0130                   7     ORG 130H
                       8     
0130                   9     DET:
0130 E560             10     MOV A, 60H
0132 8563F0           11     MOV B, 63H
0135 A4               12     MUL AB
0136 E571             13     MOV A, 71H
0138 8570F0           14     MOV B, 70H
                      15     
013B E561             16     MOV A, 61H
013D 8562F0           17     MOV B, 62H
0140 A4               18     MUL AB
                      19     
0141 F8               20     MOV R0, A
0142 A9F0             21     MOV R1, B
                      22     
0144 E571             23     MOV A, 71H
0146 8570F0           24     MOV B, 70H
                      25     
0149 98               26     SUBB A, R0
014A                  27     SUBB B, R1
*** ______________________________^
*** ERROR #A39 IN 27 (Q2.asm, LINE 27): REGISTER OPERAND EXPECTED
                      28     
014A E571             29     MOV A, 71H
014C 8570F0           30     MOV B, 70H
014F 22               31     RET
                      32     END
A51 MACRO ASSEMBLER  Q2                                                                   01/31/2024 09:11:37 PAGE     2

SYMBOL TABLE LISTING
------ ----- -------


N A M E             T Y P E  V A L U E   ATTRIBUTES

B. . . . . . . . .  D ADDR   00F0H   A   
DET. . . . . . . .  C ADDR   0130H   A   
HERE . . . . . . .  C ADDR   0102H   A   
MAIN . . . . . . .  C ADDR   0100H   A   


REGISTER BANK(S) USED: 0 


ASSEMBLY COMPLETE.  0 WARNING(S), 1 ERROR(S)
